
> css-validator@0.0.0 build
> tsc -b && vite build

src/App.tsx(3,3): error TS6133: 'Grid' is declared but its value is never read.
src/components/DesignStyleModal.tsx(24,13): error TS6133: 'PublicIcon' is declared but its value is never read.
src/components/DesignStyleModal.tsx(27,16): error TS6133: 'CameraAltIcon' is declared but its value is never read.
src/components/DesignStyleModal.tsx(30,17): error TS6133: 'NightsStayIcon' is declared but its value is never read.
src/components/DesignStyleModal.tsx(31,13): error TS6133: 'LayersIcon' is declared but its value is never read.
src/components/DesignStyleModal.tsx(32,16): error TS6133: 'LocalCafeIcon' is declared but its value is never read.
src/components/DesignStyleModal.tsx(33,3): error TS2724: '"@mui/icons-material"' has no exported member named 'Flash'. Did you mean 'FlashOn'?
src/components/DesignStyleModal.tsx(353,26): error TS2769: No overload matches this call.
  Overload 1 of 2, '(props: { component: ElementType<any, keyof IntrinsicElements>; } & TypographyOwnProps & CommonProps & Omit<any, "children" | ... 9 more ... | "variantMapping">): Element | null', gave the following error.
    Property 'component' is missing in type '{ children: (string | Element)[]; variant: "body2"; fontWeight: string; color: "info.contrastText"; }' but required in type '{ component: ElementType<any, keyof IntrinsicElements>; }'.
  Overload 2 of 2, '(props: DefaultComponentProps<TypographyTypeMap<{}, "span">>): Element | null', gave the following error.
    Type '{ children: (string | Element)[]; variant: "body2"; fontWeight: string; color: "info.contrastText"; }' is not assignable to type 'IntrinsicAttributes & TypographyOwnProps & CommonProps & Omit<DetailedHTMLProps<HTMLAttributes<HTMLSpanElement>, HTMLSpanElement>, "children" | ... 9 more ... | "variantMapping">'.
      Property 'fontWeight' does not exist on type 'IntrinsicAttributes & TypographyOwnProps & CommonProps & Omit<DetailedHTMLProps<HTMLAttributes<HTMLSpanElement>, HTMLSpanElement>, "children" | ... 9 more ... | "variantMapping">'.
src/components/DesignStyleModal.tsx(364,18): error TS2769: No overload matches this call.
  Overload 1 of 2, '(props: { component: ElementType<any, keyof IntrinsicElements>; } & StackOwnProps & CommonProps & Omit<any, keyof CommonProps | keyof StackOwnProps>): Element | null', gave the following error.
    Property 'component' is missing in type '{ children: Element[]; direction: "row"; spacing: number; flexWrap: string; }' but required in type '{ component: ElementType<any, keyof IntrinsicElements>; }'.
  Overload 2 of 2, '(props: DefaultComponentProps<StackTypeMap<{}, "div">>): Element | null', gave the following error.
    Type '{ children: Element[]; direction: "row"; spacing: number; flexWrap: string; }' is not assignable to type 'IntrinsicAttributes & StackOwnProps & CommonProps & Omit<DetailedHTMLProps<HTMLAttributes<HTMLDivElement>, HTMLDivElement>, keyof CommonProps | keyof StackOwnProps>'.
      Property 'flexWrap' does not exist on type 'IntrinsicAttributes & StackOwnProps & CommonProps & Omit<DetailedHTMLProps<HTMLAttributes<HTMLDivElement>, HTMLDivElement>, keyof CommonProps | keyof StackOwnProps>'.
src/components/DesignStyleModal.tsx(381,26): error TS2769: No overload matches this call.
  Overload 1 of 2, '(props: { component: ElementType<any, keyof IntrinsicElements>; } & GridBaseProps & { sx?: SxProps<Theme> | undefined; } & Omit<...>): Element | null', gave the following error.
    Property 'component' is missing in type '{ children: Element; item: true; xs: number; lg: number; key: string; }' but required in type '{ component: ElementType<any, keyof IntrinsicElements>; }'.
  Overload 2 of 2, '(props: DefaultComponentProps<GridTypeMap<{}, "div">>): Element | null', gave the following error.
    Type '{ children: Element; item: true; xs: number; lg: number; key: string; }' is not assignable to type 'IntrinsicAttributes & GridBaseProps & { sx?: SxProps<Theme> | undefined; } & Omit<DetailedHTMLProps<HTMLAttributes<HTMLDivElement>, HTMLDivElement>, "sx" | keyof GridBaseProps>'.
      Property 'item' does not exist on type 'IntrinsicAttributes & GridBaseProps & { sx?: SxProps<Theme> | undefined; } & Omit<DetailedHTMLProps<HTMLAttributes<HTMLDivElement>, HTMLDivElement>, "sx" | keyof GridBaseProps>'.
src/components/DesignStyleModal.tsx(469,46): error TS2769: No overload matches this call.
  Overload 1 of 2, '(props: { component: ElementType<any, keyof IntrinsicElements>; } & GridBaseProps & { sx?: SxProps<Theme> | undefined; } & Omit<...>): Element | null', gave the following error.
    Property 'component' is missing in type '{ children: Element[]; item: true; xs: number; md: number; }' but required in type '{ component: ElementType<any, keyof IntrinsicElements>; }'.
  Overload 2 of 2, '(props: DefaultComponentProps<GridTypeMap<{}, "div">>): Element | null', gave the following error.
    Type '{ children: Element[]; item: true; xs: number; md: number; }' is not assignable to type 'IntrinsicAttributes & GridBaseProps & { sx?: SxProps<Theme> | undefined; } & Omit<DetailedHTMLProps<HTMLAttributes<HTMLDivElement>, HTMLDivElement>, "sx" | keyof GridBaseProps>'.
      Property 'item' does not exist on type 'IntrinsicAttributes & GridBaseProps & { sx?: SxProps<Theme> | undefined; } & Omit<DetailedHTMLProps<HTMLAttributes<HTMLDivElement>, HTMLDivElement>, "sx" | keyof GridBaseProps>'.
src/components/DesignStyleModal.tsx(489,46): error TS2769: No overload matches this call.
  Overload 1 of 2, '(props: { component: ElementType<any, keyof IntrinsicElements>; } & GridBaseProps & { sx?: SxProps<Theme> | undefined; } & Omit<...>): Element | null', gave the following error.
    Property 'component' is missing in type '{ children: Element[]; item: true; xs: number; md: number; }' but required in type '{ component: ElementType<any, keyof IntrinsicElements>; }'.
  Overload 2 of 2, '(props: DefaultComponentProps<GridTypeMap<{}, "div">>): Element | null', gave the following error.
    Type '{ children: Element[]; item: true; xs: number; md: number; }' is not assignable to type 'IntrinsicAttributes & GridBaseProps & { sx?: SxProps<Theme> | undefined; } & Omit<DetailedHTMLProps<HTMLAttributes<HTMLDivElement>, HTMLDivElement>, "sx" | keyof GridBaseProps>'.
      Property 'item' does not exist on type 'IntrinsicAttributes & GridBaseProps & { sx?: SxProps<Theme> | undefined; } & Omit<DetailedHTMLProps<HTMLAttributes<HTMLDivElement>, HTMLDivElement>, "sx" | keyof GridBaseProps>'.
src/components/FileUploader.tsx(12,3): error TS2724: '"@mui/icons-material"' has no exported member named 'Flash'. Did you mean 'FlashOn'?
src/components/FileUploader.tsx(12,3): error TS6133: 'Flash' is declared but its value is never read.
src/components/ProjectReportViewer.tsx(2,112): error TS6133: 'AlertCircle' is declared but its value is never read.
src/components/ProjectUploader.tsx(127,25): error TS2322: Type '{ type: "file"; multiple: true; webkitdirectory: string; className: string; onChange: (e: ChangeEvent<HTMLInputElement>) => void; }' is not assignable to type 'DetailedHTMLProps<InputHTMLAttributes<HTMLInputElement>, HTMLInputElement>'.
  Property 'webkitdirectory' does not exist on type 'DetailedHTMLProps<InputHTMLAttributes<HTMLInputElement>, HTMLInputElement>'.
src/components/ReportViewer.tsx(9,3): error TS6133: 'AlertTitle' is declared but its value is never read.
src/components/ReportViewer.tsx(22,3): error TS6133: 'Info' is declared but its value is never read.
src/utils/designInspirationSystem.ts(315,51): error TS6133: 'tokens' is declared but its value is never read.
src/utils/designInspirationSystem.ts(333,56): error TS6133: 'currentTokens' is declared but its value is never read.
src/utils/projectValidator.ts(7,13): error TS6133: 'tokens' is declared but its value is never read.
src/utils/projectValidator.ts(28,20): error TS6133: 'fullMatch' is declared but its value is never read.
src/utils/projectValidator.ts(329,59): error TS6133: 'fileAnalysis' is declared but its value is never read.
